2026-06-03 00:30:34 | INFO     | Device: GPU
2026-06-03 00:30:34 | INFO     | GPU RAM Free: 84.5 GB
2026-06-03 00:30:46 | INFO     | Loading Stage 2 Data...
2026-06-03 00:30:46 | INFO     | 
Loading CUAD JSON for Stage 1 Domain Adaptation...
2026-06-03 00:30:48 | INFO     | ✅ Stratified Stage 1 sample size: 2301 examples.
2026-06-03 00:30:48 | INFO     | 
[1/8] Processing: akdeniz27/roberta-large-cuad
2026-06-03 00:30:48 | INFO     | 
============================================================
TRAINING: akdeniz27/roberta-large-cuad
============================================================
2026-06-03 00:30:50 | INFO     |   -> STAGE 2: Calibration on 160 specific examples...
2026-06-03 00:32:18 | INFO     |   -> Applying Stochastic Weight Averaging (SWA)...
2026-06-03 00:32:20 | INFO     | 
  -> Running TTA Inference (Validation)...
2026-06-03 00:32:31 | INFO     | 
  -> Running TTA Inference (Test)...
2026-06-03 00:33:10 | INFO     | 
[2/8] Processing: mgigena/roberta-large-cuad
2026-06-03 00:33:10 | INFO     | 
============================================================
TRAINING: mgigena/roberta-large-cuad
============================================================
2026-06-03 00:33:13 | INFO     |   -> STAGE 2: Calibration on 160 specific examples...
2026-06-03 00:34:41 | INFO     |   -> Applying Stochastic Weight Averaging (SWA)...
2026-06-03 00:34:42 | INFO     | 
  -> Running TTA Inference (Validation)...
2026-06-03 00:34:53 | INFO     | 
  -> Running TTA Inference (Test)...
2026-06-03 00:35:32 | INFO     | 
[3/8] Processing: deepset/deberta-v3-base-squad2
2026-06-03 00:35:32 | INFO     | 
============================================================
TRAINING: deepset/deberta-v3-base-squad2
============================================================
2026-06-03 00:35:35 | INFO     |   -> STAGE 1: Domain Adaptation on 2301 CUAD examples...
2026-06-03 01:31:02 | INFO     |   -> STAGE 2: Calibration on 160 specific examples...
2026-06-03 01:32:04 | INFO     |   -> Applying Stochastic Weight Averaging (SWA)...
2026-06-03 01:32:05 | INFO     | 
  -> Running TTA Inference (Validation)...
2026-06-03 01:32:17 | INFO     | 
  -> Running TTA Inference (Test)...
2026-06-03 01:32:56 | INFO     | 
[4/8] Processing: deepset/deberta-v3-large-squad2
2026-06-03 01:32:56 | INFO     | 
============================================================
TRAINING: deepset/deberta-v3-large-squad2
============================================================
2026-06-03 01:32:59 | INFO     |   -> STAGE 1: Domain Adaptation on 2301 CUAD examples...
2026-06-03 03:57:47 | INFO     |   -> STAGE 2: Calibration on 160 specific examples...
2026-06-03 04:00:27 | INFO     |   -> Applying Stochastic Weight Averaging (SWA)...
2026-06-03 04:00:29 | INFO     | 
  -> Running TTA Inference (Validation)...
2026-06-03 04:00:46 | INFO     | 
  -> Running TTA Inference (Test)...
2026-06-03 04:01:46 | INFO     | 
[5/8] Processing: deepset/roberta-base-squad2
2026-06-03 04:01:46 | INFO     | 
============================================================
TRAINING: deepset/roberta-base-squad2
============================================================
2026-06-03 04:01:48 | INFO     |   -> STAGE 1: Domain Adaptation on 2301 CUAD examples...
2026-06-03 04:26:40 | INFO     |   -> STAGE 2: Calibration on 160 specific examples...
2026-06-03 04:27:01 | INFO     |   -> Applying Stochastic Weight Averaging (SWA)...
2026-06-03 04:27:01 | INFO     | 
  -> Running TTA Inference (Validation)...
2026-06-03 04:27:10 | INFO     | 
  -> Running TTA Inference (Test)...
2026-06-03 04:27:40 | INFO     | 
[6/8] Processing: deepset/electra-base-squad2
2026-06-03 04:27:40 | INFO     | 
============================================================
TRAINING: deepset/electra-base-squad2
============================================================
2026-06-03 04:27:42 | INFO     |   -> STAGE 1: Domain Adaptation on 2301 CUAD examples...
2026-06-03 04:50:44 | INFO     |   -> STAGE 2: Calibration on 160 specific examples...
2026-06-03 04:51:05 | INFO     |   -> Applying Stochastic Weight Averaging (SWA)...
2026-06-03 04:51:06 | INFO     | 
  -> Running TTA Inference (Validation)...
2026-06-03 04:51:14 | INFO     | 
  -> Running TTA Inference (Test)...
2026-06-03 04:51:44 | INFO     | 
[7/8] Processing: twmkn9/albert-base-v2-squad2
2026-06-03 04:51:44 | INFO     | 
============================================================
TRAINING: twmkn9/albert-base-v2-squad2
============================================================
2026-06-03 05:04:29 | INFO     | Device: GPU
2026-06-03 05:04:29 | INFO     | GPU RAM Free: 84.5 GB
2026-06-03 05:04:41 | INFO     | Loading Stage 2 Data...
2026-06-03 05:04:41 | INFO     | 
Loading CUAD JSON for Stage 1 Domain Adaptation...
2026-06-03 05:04:43 | INFO     | ✅ Stratified Stage 1 sample: 2301 examples across 41 classes.
2026-06-03 05:04:44 | INFO     | 
[1/8] Processing: akdeniz27/roberta-large-cuad
2026-06-03 05:04:44 | INFO     | 
============================================================
TRAINING: akdeniz27/roberta-large-cuad
============================================================
2026-06-03 05:04:45 | INFO     |   ✅ Gradient checkpointing enabled.
2026-06-03 05:04:45 | INFO     |   -> STAGE 2: Calibration on 160 specific examples...
2026-06-03 05:06:11 | INFO     |   -> Applying Stochastic Weight Averaging (SWA)...
2026-06-03 05:06:12 | INFO     |   💾 Saving final model to saved_models/akdeniz27_roberta_large_cuad...
2026-06-03 05:06:13 | INFO     |   ✅ Model saved successfully.
2026-06-03 05:06:13 | INFO     | 
  -> Running TTA Inference (Validation)...
2026-06-03 05:06:25 | INFO     | 
  -> Running TTA Inference (Test)...
2026-06-03 05:07:04 | INFO     | 
[2/8] Processing: mgigena/roberta-large-cuad
2026-06-03 05:07:04 | INFO     | 
============================================================
TRAINING: mgigena/roberta-large-cuad
============================================================
2026-06-03 05:07:08 | INFO     |   ✅ Gradient checkpointing enabled.
2026-06-03 05:07:08 | INFO     |   -> STAGE 2: Calibration on 160 specific examples...
2026-06-03 05:08:31 | INFO     |   -> Applying Stochastic Weight Averaging (SWA)...
2026-06-03 05:08:32 | INFO     |   💾 Saving final model to saved_models/mgigena_roberta_large_cuad...
2026-06-03 05:08:33 | INFO     |   ✅ Model saved successfully.
2026-06-03 05:08:34 | INFO     | 
  -> Running TTA Inference (Validation)...
2026-06-03 05:08:44 | INFO     | 
  -> Running TTA Inference (Test)...
2026-06-03 05:09:24 | INFO     | 
[3/8] Processing: deepset/deberta-v3-base-squad2
2026-06-03 05:09:24 | INFO     | 
============================================================
TRAINING: deepset/deberta-v3-base-squad2
============================================================
2026-06-03 05:09:31 | INFO     |   ✅ Gradient checkpointing enabled.
2026-06-03 05:09:31 | INFO     |   -> STAGE 1: Domain Adaptation on 2301 CUAD examples...
2026-06-03 20:37:24 | INFO     | Device: GPU
2026-06-03 20:37:24 | INFO     | GPU RAM Free: 84.5 GB
2026-06-03 20:37:37 | INFO     | Loading Stage 2 Data...
2026-06-03 20:37:38 | INFO     | 
Loading CUAD JSON for Stage 1 Domain Adaptation...
2026-06-03 20:37:39 | INFO     | ✅ Stratified Stage 1 sample: 2301 examples across 41 classes.
2026-06-03 20:37:40 | INFO     | 
[1/8] Processing: akdeniz27/roberta-large-cuad
2026-06-03 20:37:40 | INFO     | 
============================================================
2026-06-03 20:37:40 | INFO     | ✅ FOUND SAVED CHECKPOINT: akdeniz27/roberta-large-cuad
2026-06-03 20:37:40 | INFO     |    Loading from saved_models/akdeniz27_roberta_large_cuad (skipping training)
2026-06-03 20:37:40 | INFO     | ============================================================
2026-06-03 20:37:41 | INFO     | 
  -> Running TTA Inference (Validation)...
2026-06-03 20:38:11 | INFO     | 
  -> Running TTA Inference (Test)...
2026-06-03 20:40:02 | INFO     | 
[2/8] Processing: mgigena/roberta-large-cuad
2026-06-03 20:40:02 | INFO     | 
============================================================
2026-06-03 20:40:02 | INFO     | ✅ FOUND SAVED CHECKPOINT: mgigena/roberta-large-cuad
2026-06-03 20:40:02 | INFO     |    Loading from saved_models/mgigena_roberta_large_cuad (skipping training)
2026-06-03 20:40:02 | INFO     | ============================================================
2026-06-03 20:40:03 | INFO     | 
  -> Running TTA Inference (Validation)...
2026-06-03 20:40:33 | INFO     | 
  -> Running TTA Inference (Test)...
2026-06-03 20:42:24 | INFO     | 
[3/8] Processing: deepset/deberta-v3-base-squad2
2026-06-03 20:42:24 | INFO     | 
============================================================
TRAINING: deepset/deberta-v3-base-squad2
============================================================
2026-06-03 20:42:27 | INFO     |   ✅ Gradient checkpointing enabled.
2026-06-03 20:42:27 | INFO     |   -> STAGE 1: Domain Adaptation on 2301 CUAD examples...
2026-06-03 22:09:13 | INFO     |   -> STAGE 2: Calibration on 160 specific examples...
2026-06-03 22:10:52 | INFO     |   -> Applying Stochastic Weight Averaging (SWA)...
2026-06-03 22:10:52 | INFO     |   💾 Saving final model to saved_models/deepset_deberta_v3_base_squad2...
2026-06-03 22:10:53 | INFO     |   ✅ Model saved successfully.
2026-06-03 22:10:54 | INFO     | 
  -> Running TTA Inference (Validation)...
2026-06-03 22:11:13 | INFO     | 
  -> Running TTA Inference (Test)...
2026-06-03 22:12:17 | INFO     | 
[4/8] Processing: deepset/deberta-v3-large-squad2
2026-06-03 22:12:17 | INFO     | 
============================================================
TRAINING: deepset/deberta-v3-large-squad2
============================================================
2026-06-03 22:12:20 | INFO     |   ✅ Gradient checkpointing enabled.
2026-06-03 22:12:20 | INFO     |   -> STAGE 1: Domain Adaptation on 2301 CUAD examples...
2026-06-04 03:35:22 | INFO     |   -> STAGE 2: Calibration on 160 specific examples...
2026-06-04 03:41:17 | INFO     |   -> Applying Stochastic Weight Averaging (SWA)...
2026-06-04 03:41:18 | INFO     |   💾 Saving final model to saved_models/deepset_deberta_v3_large_squad2...
2026-06-04 03:41:20 | INFO     |   ✅ Model saved successfully.
2026-06-04 03:41:21 | INFO     | 
  -> Running TTA Inference (Validation)...
2026-06-04 03:41:57 | INFO     | 
  -> Running TTA Inference (Test)...
2026-06-04 03:44:13 | INFO     | 
[5/8] Processing: deepset/roberta-base-squad2
2026-06-04 03:44:13 | INFO     | 
============================================================
TRAINING: deepset/roberta-base-squad2
============================================================
2026-06-04 03:44:14 | INFO     |   ✅ Gradient checkpointing enabled.
2026-06-04 03:44:14 | INFO     |   -> STAGE 1: Domain Adaptation on 2301 CUAD examples...
2026-06-04 04:56:46 | INFO     |   -> STAGE 2: Calibration on 160 specific examples...
2026-06-04 04:57:41 | INFO     |   -> Applying Stochastic Weight Averaging (SWA)...
2026-06-04 04:57:42 | INFO     |   💾 Saving final model to saved_models/deepset_roberta_base_squad2...
2026-06-04 04:57:42 | INFO     |   ✅ Model saved successfully.
2026-06-04 04:57:43 | INFO     | 
  -> Running TTA Inference (Validation)...
2026-06-04 04:57:57 | INFO     | 
  -> Running TTA Inference (Test)...
2026-06-04 04:58:48 | INFO     | 
[6/8] Processing: deepset/electra-base-squad2
2026-06-04 04:58:48 | INFO     | 
============================================================
TRAINING: deepset/electra-base-squad2
============================================================
2026-06-04 04:58:50 | INFO     |   ✅ Gradient checkpointing enabled.
2026-06-04 04:58:50 | INFO     |   -> STAGE 1: Domain Adaptation on 2301 CUAD examples...
2026-06-04 05:59:14 | INFO     |   -> STAGE 2: Calibration on 160 specific examples...
2026-06-04 06:00:05 | INFO     |   -> Applying Stochastic Weight Averaging (SWA)...
2026-06-04 06:00:05 | INFO     |   💾 Saving final model to saved_models/deepset_electra_base_squad2...
2026-06-04 06:00:06 | INFO     |   ✅ Model saved successfully.
2026-06-04 06:00:06 | INFO     | 
  -> Running TTA Inference (Validation)...
2026-06-04 06:00:19 | INFO     | 
  -> Running TTA Inference (Test)...
2026-06-04 06:01:10 | INFO     | 
[7/8] Processing: twmkn9/albert-base-v2-squad2
2026-06-04 06:01:10 | INFO     | 
============================================================
TRAINING: twmkn9/albert-base-v2-squad2
============================================================
2026-06-04 06:01:13 | INFO     |   ⚠️ Gradient checkpointing not supported for twmkn9/albert-base-v2-squad2, skipping.
2026-06-04 06:01:13 | INFO     |   -> STAGE 1: Domain Adaptation on 2301 CUAD examples...
2026-06-04 06:48:13 | INFO     |   -> STAGE 2: Calibration on 160 specific examples...
2026-06-04 06:48:52 | INFO     |   -> Applying Stochastic Weight Averaging (SWA)...
2026-06-04 06:48:52 | INFO     |   💾 Saving final model to saved_models/twmkn9_albert_base_v2_squad2...
2026-06-04 06:48:52 | INFO     |   ✅ Model saved successfully.
2026-06-04 06:48:53 | INFO     | 
  -> Running TTA Inference (Validation)...
2026-06-04 06:49:07 | INFO     | 
  -> Running TTA Inference (Test)...
2026-06-04 06:49:56 | INFO     | 
[8/8] Processing: mrm8488/bert-small-finetuned-squadv2
2026-06-04 06:49:56 | INFO     | 
============================================================
TRAINING: mrm8488/bert-small-finetuned-squadv2
============================================================
2026-06-04 06:49:59 | INFO     |   ✅ Gradient checkpointing enabled.
2026-06-04 06:49:59 | INFO     |   -> STAGE 1: Domain Adaptation on 2301 CUAD examples...
2026-06-04 07:04:03 | INFO     |   -> STAGE 2: Calibration on 160 specific examples...
2026-06-04 07:04:15 | INFO     |   -> Applying Stochastic Weight Averaging (SWA)...
2026-06-04 07:04:15 | INFO     |   💾 Saving final model to saved_models/mrm8488_bert_small_finetuned_squadv2...
2026-06-04 07:04:15 | INFO     |   ✅ Model saved successfully.
2026-06-04 07:04:16 | INFO     | 
  -> Running TTA Inference (Validation)...
2026-06-04 07:04:24 | INFO     | 
  -> Running TTA Inference (Test)...
2026-06-04 07:04:55 | INFO     | 
VALIDATION RESULTS: Overall EM = 0.6250 | Overall F1 = 0.7308
2026-06-04 07:04:55 | INFO     | 
Submission saved to: submission.csv
2026-06-04 07:04:55 | INFO     | 
============================================================
2026-06-04 07:04:55 | INFO     | EVALUATING HIDDEN TEST SET
2026-06-04 07:04:55 | INFO     | ============================================================
2026-06-04 07:04:56 | INFO     | Matched 165 predictions to ground truth.
2026-06-04 07:04:56 | INFO     | 🏆 TEST SET EXACT MATCH (EM): 83.03%
2026-06-04 07:04:56 | INFO     | 🏆 TEST SET F1 SCORE:         90.78%
2026-06-04 07:04:56 | INFO     | 
Pipeline completed successfully!
